Zone Vnum List
**************

0       - Limbo - Internal              54      - New Thalos
9       - The River Island              55      - New Thalos
12      - God Simplex                   56      - New Thalos Wilderness
25      - High Tower Of Sorcery         60      - Haon-Dor-Light Forest
26      - High Tower Of Sorcery         61      - Haon-Dor-Dark Forest
30      - Midgaard City                 62      - Orc Enclave
31      - Midgaard City                 63      - Arachnos
32      - Midgaard River                64      - Rand's Tower
33      - Three Of Swords               65      - Dwarven Kingdom 
35      - Miden'nir                     70      - Sewers
36      - Chessboard                    71      - Sewers
40      - Moria                         72      - Sewers
41      - Moria                         73      - Sewers
50      - Great Eastern Desert          79      - Redferne's Residence
51      - Drow City                     120     - Rome
52      - Old Thalos                    150     - King Welmar's Castle
53      - Great Pyramid                 186     - Newbie Zone

