 

                               .oO VALHALLA Oo.
                                 LEVEL #4 MAP
                              
                   _______      _________________
                  |  ___  |    |                 |
              ____|2|   | |    |                 |
             |  ____|   |1|____|        8        |______
 ____________|3|        |  ____0                  ____  |
|  ____________|        | |    |                 |    |0|________________
| |                     | |    |_______   _______|    |                  |
|4|                                    |0|            |                  |
| |________________                    | |            |        9         |
|  ______________  |                   | |            |                  |
| |              | |__                 | |            |     _____________|
| |              | 0__|                | |         ___|XXXX|
        _________| |                   | |        |        |
       |  __5______|            _______| |_______ |________|
       | |                     |                 |
       |6|              KINGS  |        5        |____
 ______| |              CROWN  |                      |
|  ______|                |    |_______   ____________|
| |                       V            |0|
| |________________________            | |
|_7_______________________X|           | |
                                       |P|
                    _________________  |1|
                   |                 | | |
             ______|                 |_| |_______________________________
            |              2          _0 0___                            |
 ____    ___|                        | | |   |              6            |
|    |  |  _                         | | |   |                           |
|    |__| | |________________________| | |   |_____________   ___________|
|  3  ____|                            | |                 |0|___________
|    |                                 | |                 |____         |
|____|         ________________________|0|____________________  |   7    |
              |___________________   _______________________  | |        |
                                  | |                       | | |________|
                                  | |                       | |__________
                                  | |                       |  __________|
 ___________   ___________________| |_______________________| |
|           | |                                   ____________|
|           | |                                  |
|           | |                                  |
|     4     | |               1                  |
|           | |                                  |
|           |_|                                  |
|            _0__________________________________|
|___________|
