                                 ___
                                |   |____________________
                  ______________|                        |
_________________|  _          _                         |
_________________  |_|XXXXXXXX|_|          22            |
                 |______________                         |
                                |    ___   ______________|
  .oO VALHALLA Oo.              |___|   | |   __
    LEVEL #1 MAP                        | |  |  |
                                        | |__| 3|_____
                                        | 0___________|
                  ___________   ________| |         ______________
                 |           | |      0_  |        |              |
                 |           | |   4  | | |        |              |
                 |     7     | |      | | |_____   |      2       |
                 |           | |______| |__     |  |              |
                 |           |_____        |    |__|              |
                 |_______________  |   ____| H  0_________________|
                            _____|0|  |  __0 1  |     __________
                  _____    |       |  | |  |    |    |          |
                 |     |   |   6   |__| |  |__  |    |    10    |_
                 |     |   |____________|     | |    |__________0 |
                 |     |______________________| |_______________| |
                 |  1   __   ______   ________  0_______________  |
                 |     |  | |      | |        | |               | |
                 |     |  | |      | |        | |               | |
                 |_____|  | |      | |     ___| |            ___| |
                  ________|0|      | |    |     |           |  ___|
                 |          |      | |    |     |           | |
                 |XXXXXXXXXX|   ___| |___ |     |___________|0|___
                 |          |  |         ||  H   ___              |
                 |     9    |  |         ||  2  |   |             |
                 |____   ___|  |     5   ||     |   |      8      |
                  ____| |___   |_        ||     |   |             |
                 |    18    |    |       ||     |   |             |
                 |__________|    |  _____||_   _|   |_____________|
                                 |0|        |0|__         ____
                                 | |        |__  |       |    |
                                 | |           | |_______|    |
                                 | |    _______| 0_______   __|
                          _______| |___|  _____  |       |0|
                         |         0___  |_____| |    ___| |
                         |   13    |   |_______  |   |     |
                         |_________|           | |   |  17 |
                  _____________________________| |   |  ___|
                 |            ___0           __0 |   | |
                 |     20    |   |          |  | |   | |__________
                 |           |   |    12    |  | |   |            |
                 |____   ____|   |          |  | |   |_____       |
                      |0|      __|0 ___     |  | |         |  11  |
                  ____| |____ |    |   |____|  | |_________|      |
                 |           ||    |           | 0______________  |
                 |    21     || 19 |           | |              |0|
                 |           ||    |        ___|0|______  ______| |
                 |___________||____|       |            ||        |
                               ____________|            ||        |
                              |           _0            ||        |
                              |          | |     14     ||   16   |
                              |     15   | |            ||        |
                              |__        | |            ||        |
                                 |_______| |____________||________|
