players = 7   sets = 7   estimated time = 35 mins   seed = 49386


BlindSchleiche:      Felix Buebl & Michael Balser
tron:                Matthias Scheler
anticlock:           Alexander Lazarevic
schwan:              Georg Magschok & Andre Bernhardt & Peter Jack
beaver:              Markus Illenseer
opfer:               Thomas Bätzler
mirobot:             Früauf Thorsten & Roland Bless


CRobots  NOSHOW  opfer.cr schwan.cr anticlock.cr tron.cr
CRobots  NOSHOW  mirobot.r beaver.cr schwan.cr anticlock.cr
CRobots  NOSHOW  BlindSchleiche.cr opfer.cr beaver.cr schwan.cr
CRobots  NOSHOW  tron.cr mirobot.r opfer.cr beaver.cr
CRobots  NOSHOW  anticlock.cr BlindSchleiche.cr mirobot.r opfer.cr
CRobots  NOSHOW  schwan.cr tron.cr BlindSchleiche.cr mirobot.r
CRobots  NOSHOW  beaver.cr anticlock.cr tron.cr BlindSchleiche.cr


players = 7   sets = 7   estimated time = 35 mins   seed = 49386

Robot              1   2   3   4   5   6   7    Summe Stechen    Platz
                                                -----            =====
BlindSchleiche:    -   -   0   -   1   0   0      1                4
tron:              1   -   -   2   -   0   0      3      2         2
anticlock:         0   0   -   -   1   -   2      3      0         3
schwan:            1   2   2   -   -   2   -      7                1
beaver:            -   0   0   0   -   -   0      0
opfer:             0   -   0   0   0   -   -      0
mirobot:           -   0   -   0   0   0   -      0

