xxxxxxxxxxxxxxxxxxxxxxxxxxxxxxxxxxxxxxxxxxxxxxxxxxxxxxxxxxxxxxxxx
x  r                 r   hhhhhhhhh     r                  r     x
x  rrrrrrrrrrrrrrrrrrrrrrcccccccccrrrrrrrrrrrrrrrrrrrrrrrrr     x
x                    r   ccccccccc     rcccccccch               x
x                    r                 rcccccccch               x
x                    r   p   p   p     rcccccccch               x
x                    rrrrrrrrrrrrrrrrrrr                        x
xwwwwwwwwwwwwwwwwwwwwwwwwwwwwwwwwwwwwwwwwwwwwwwwwwwwwwwwwwwwwwwwx
xmmmmmmmmmmmmmmmmmmmmmmmmmmmmmmmmmmmmmmmmmmmmmmmmmmmmmmmmmmmmmmmx
x  rrrrrrrrrrrrrrrrrrrrrrrrrrrrrrrrrrrrrrrrrrrrrrrrrrrrrrrrrrrrrx
xh r mmmmm      hhhhh hhhhh hhhhh hhhhh hhhhh hhhhh hhhhh hhhhh x
xh r mmmmm  hhh h r h h r h h r h h r h h r h h r h h r h h r h x
x  r mmmmm  h     rcccccr     rcccccr     rcccccr     rcccccr h x
xh r m      hrrrrrrrrrrrrrrrrrrrrrrrrrrrrrrrrrrrrrrrrrrrrrrrrrr x
xh r m r h  hcccccr     rcccccr     rcccccr     rcccccr     r   x
x  r m r h  hhh h r h h r h h r h h r h h r h h r h h r h h r h x
xh r m r h      hhhhh hhhhh hhhhh hhhhh hhhhh hhhhh hhhhh h r h x
x  r m r h                                                h r h x
xh r m r h     rrrrrrrrrrrr                                 r   x
xh r m r h     r  mmmmmm  rrrrrrrrrrrrrrrrrrrrrrrrrrrrrrrrrrrrrrx
x  r m r h     r mmmmmmmm  ccc                              r   x
xh r m r h     r mmmmmmmm  ccc         mmmmmmm              r   x
xh r m r h     r  mmmmmm              mmmmmmmmmm       hhhh r   x
xh r m r h     rrrrrrrrrrrrr         mmmmmmmmmmmmm     hcch r   x
h  r m r h   wwwwwwwwwwwwwwrwwwww    mmmm    mmmmm     hcc  r   x
xh r m r h   w             r    w    mmm      mmmmm    hcch r   x
x  r m r h   w   cccc      r    w    mmm      mmmmm    hhhh r   x
xh r m r h   w   cccc      r    w    mmmm    mmmmm          r   x
x  r m r h   w   ccccrrrrrrr    w    mmmmmmmmmmmmm          r   x
xh r m r h   w   cccc           w     mmmmmmmmm  m     hhhh r   x
xh r m r h   w   cccc   pcc     w       mmmmm    m     hcch r   x
x  r m r h   w   cccc    ccp    w                m     hcc  r   x
xh r m r h   w   cccc           w                m     hcch r   x
xh r m r h   w   cccc   hhhh    w       rrrrr    m     hhhh r   x
xh r m r h   w   ccccrrrccch    w       rcccr    m          r   x
xh r m r h   w   cccc   ccch    w       rcccr    m          r   x
xh r m r h   w   cccc   ccch    w       rcccr    m     hhhh r   x
xh r m r h   w   ccccrrrccch    w       rcccr    m     hcch r   x
x  r m r h   w   cccc   hhrh    w       rcccr    m     hcc  r   x
x  r m r h   w   cccc     r     w       rcccr    m     hcch r   x
xh r m r h   w   cccc     rr    w       rrrrr    m     hhhh r   x
xh r m r h   w   cccc   p  r h  w                           r   x
xh r m r h   w   cccc  cc  r h  wrrrrrrrrrrrrrrrrrrrrrrrrrrrrrr x
xh r m r h   w   cccc  cc  r h  wr                          r   x
xh r m r h   w   cccc   p  r h  wr hhhhhhhh                 r   x
x  r m r h   w   cccc      r    wr                          r   x
xh r m r h   w   ccccrrrrrrrrrrrrr                          r   x
x  r m r h   w   cccc      r    w                           r   x
xh r m r h   w   cccc   p  r p  w                           r   x
h  r m r h   w   cccc  cc  r cc w                           r   x
xh r m r h   w   cccc  cc  r cc w                           r   x
h  r m r h   w   cccc   p  r p  w   mmmm                    r   x
xh r m r h   w                  w   mmmm                    r   x
h  r m r h   wwwwwwwwwwwwwwwwwwww    mmmm                   r   x
xh r m r h                            mm                    r   x
h  r m r h                                                  r   x
xh r m r h                                                  r   x
x  r m r h                                                  r   x
x  r m r h                                                  r   x
x  r m r h                                                  r   x
x  r m r h                                                  r   x
x  r m r h                                                  r   x
x  r m r h                                                      x
xxxxxxxxxxxxxxxxxxxxxxxxxxxxxxxxxxxxxxxxxxxxxxxxxxxxxxxxxxxxxxxxx
