Gebruik de joystick om van rechts naar links te bewegen. Schietknop om te springen.
De schakelaar zal geactiveerd worden zodra je er overheen beweegt, maar, enkel en alleen als de volgorde juist is 1,2 en 3...
Je hebt de verkeerde schakelaar geactiveerd, ga terug en activeer de juiste...
Je hebt schakelaar 2 geactiveerd, ga nu voor nummer 3 en de deur zal openen.
Om door de open deur naar binnen te gaan, gebruik je "joystick up". 
Schiet op, je tijd is bijna op!!!
Dit is te makkelijk...
En zelfs in de juiste volgorde...
Ik kan niet geloven dat de deur daadwerkelijk opende...
Daarboven, dat lijkt wel een fotokopieerapparaat. Een "Ricoh IM C2010" om precies te zijn... Sinds wanneer ben ik de expert?
Foutmelding SC 672-21. Bel de vakman, tlf: 610-113-971, maar, dat is mijn telefoon nummer!!!






















































































































































































































































