Usa el joystick para moverte de izquierda a derecha y el bot&n para saltar.
Solo con pasar sobre el Switch se activar#, siempre y cuando sea en el orden correcto 1,2 y 3...
Has activado el switch incorrecto, debes volver a activar el anterior...
Has activado el switch n'mero 2, solo te queda el tercero si lo hiciste en orden para abrir la puerta.
Para traspasar la puerta una vez abierta debes usar "Joystick arriba" posicionado sobre ella.
*** Corre, el tiempo se agota !!!
Demasiado sencillo pare ser cierto...
Vaya... Incluso est#n en orden...
No puedo creer que ya se abra la puerta...
Eso que hay en la cima parece una fotocopiadora, concretamente una Ricoh IM C2010... +Desde cuando se de fotocopiadoras?
Error SC 672-21. Llame al servicio t$cnico, tlf: 615-113-971, *** Pero si ese es mi n'mero !!!
Activa el disco para conservar el avance tras morir.





















































































































































































































































