Use the joystick in order to move from right to left. Press firebutton to jump.
By hovering over the switch it will get activated, however, only and if sequence is correct 1,2 and 3...
You activated the wrong switch, please go back and activate the right switch...
You have activated switch 2, go get number 3 and the door will open.
In order to move through the door passage, use "joystick up"  once positioned on top. 
Hurry, you are almost out of time!!!
This is too easy, too good to be true...
Well, well... They are even placed in order...
I cannot believe that the door actually opened...
What is on top, seems to be a copy machine. A "Ricoh IM C2010" to be precise... Since when am I an expert?
Error SC 672-21. Call tech service, tlf: 615-677-909, But, that is my telephone number!!!






















































































































































































































































