Global M68K Construktors
	_INIT_1_DOSBaseDOS_c
	_INIT_1_IntuitionBaseIntuition_c
	_INIT_2_MathIeeeDoubBasBaseMI_EDB_c
	_INIT_2_MathIeeeDoubTransBaseMI_EDT_c
	_INIT_4_MixedMem
	_INIT_5_InitFiles
	_INIT_5___10cinfilebufstdstreams_c
	_INIT_6_InitStdIOFiles
	_INIT_6_InitStdIOStreamBuffers
	_INIT_8_UnixStuff
Global M68K Destruktors
	_EXIT_8_UnixStuff
	_EXIT_6_InitStdIOFiles
	_EXIT_6_ExitStdIOStreamBuffers
	_EXIT_5___10cinfilebufstdstreams_c
	_EXIT_5_InitFiles
	_EXIT_4_MixedMem
	_EXIT_2_MathIeeeDoubTransBaseMI_EDT_c
	_EXIT_2_MathIeeeDoubBasBaseMI_EDB_c
	_EXIT_1_IntuitionBaseIntuition_c
	_EXIT_1_DOSBaseDOS_c
	_EXIT_0_Main
No Global PPC Destruktors
No Global PPC Destruktors

M68K Code


  Hunk #0 ( Far Public ) 54184 Bytes (0xd3a8)
  __startup68K = 384 (0x180) unused, maybe local
    File Boot:StormC/StormSYS/startups/gccstartup.o
  __cleanup = 396 (0x18c) referenced 1 times
    File Boot:StormC/StormSYS/startups/gccstartup.o
  __exit = 404 (0x194) referenced 1 times
    File Boot:StormC/StormSYS/startups/gccstartup.o
  __exit_68k = 434 (0x1b2) unused, maybe local
    File Boot:StormC/StormSYS/startups/gccstartup.o
  abort__STANDARD = 464 (0x1d0) referenced 1 times
    File Boot:StormC/StormSYS/startups/gccstartup.o
  _main = 496 (0x1f0) referenced 2 times
    File Work:q2/bop/objects_debug/bopconfig.o
  _do_intro__Fv = 712 (0x2c8) unused, maybe local
    File Work:q2/bop/objects_debug/bopconfig.o
  _open_file__Fv = 902 (0x386) unused, maybe local
    File Work:q2/bop/objects_debug/bopconfig.o
  _close_file__Fv = 1002 (0x3ea) unused, maybe local
    File Work:q2/bop/objects_debug/bopconfig.o
  _ask_questions__Fv = 1038 (0x40e) unused, maybe local
    File Work:q2/bop/objects_debug/bopconfig.o
  _gamemode__Fv = 1466 (0x5ba) unused, maybe local
    File Work:q2/bop/objects_debug/bopconfig.o
  _pingmax__Fv = 2184 (0x888) unused, maybe local
    File Work:q2/bop/objects_debug/bopconfig.o
  _pingmin__Fv = 2540 (0x9ec) unused, maybe local
    File Work:q2/bop/objects_debug/bopconfig.o
  _laghelp_str__Fv = 2824 (0xb08) unused, maybe local
    File Work:q2/bop/objects_debug/bopconfig.o
  _laghelp_rst__Fv = 3178 (0xc6a) unused, maybe local
    File Work:q2/bop/objects_debug/bopconfig.o
  _lagpeak__Fv = 3430 (0xd66) unused, maybe local
    File Work:q2/bop/objects_debug/bopconfig.o
  _lagtimeout__Fv = 3608 (0xe18) unused, maybe local
    File Work:q2/bop/objects_debug/bopconfig.o
  _lagbare__Fv = 3796 (0xed4) unused, maybe local
    File Work:q2/bop/objects_debug/bopconfig.o
  _bopsickremove__Fv = 4460 (0x116c) unused, maybe local
    File Work:q2/bop/objects_debug/bopconfig.o
  _bopmanageobservers__Fv = 5338 (0x14da) unused, maybe local
    File Work:q2/bop/objects_debug/bopconfig.o
  _lagsick__Fv = 5876 (0x16f4) unused, maybe local
    File Work:q2/bop/objects_debug/bopconfig.o
  _lagpent__Fv = 6370 (0x18e2) unused, maybe local
    File Work:q2/bop/objects_debug/bopconfig.o
  _laginvisible__Fv = 6820 (0x1aa4) unused, maybe local
    File Work:q2/bop/objects_debug/bopconfig.o
  _lagslag__Fv = 7092 (0x1bb4) unused, maybe local
    File Work:q2/bop/objects_debug/bopconfig.o
  _lagsuicide__Fv = 7330 (0x1ca2) unused, maybe local
    File Work:q2/bop/objects_debug/bopconfig.o
  _lagverbose__Fv = 7720 (0x1e28) unused, maybe local
    File Work:q2/bop/objects_debug/bopconfig.o
  _nobophelp__Fv = 8094 (0x1f9e) unused, maybe local
    File Work:q2/bop/objects_debug/bopconfig.o
  _do_charts__Fv = 8426 (0x20ea) unused, maybe local
    File Work:q2/bop/objects_debug/bopconfig.o
  _list_pings__Ff = 8702 (0x21fe) unused, maybe local
    File Work:q2/bop/objects_debug/bopconfig.o
  _clear__Fv = 9200 (0x23f0) unused, maybe local
    File Work:q2/bop/objects_debug/bopconfig.o
  _amigaclose = 9452 (0x24ec) referenced 4 times
    File Boot:StormC/Lib/stormgcc020.lib
  _amigaeof = 9580 (0x256c) referenced 4 times
    File Boot:StormC/Lib/stormgcc020.lib
  _amigaflush = 9600 (0x2580) referenced 10 times
    File Boot:StormC/Lib/stormgcc020.lib
  _amigagetc = 9828 (0x2664) referenced 6 times
    File Boot:StormC/Lib/stormgcc020.lib
  _amigagetcunget = 9876 (0x2694) referenced 1 times
    File Boot:StormC/Lib/stormgcc020.lib
  _amigaopen = 9964 (0x26ec) referenced 1 times
    File Boot:StormC/Lib/stormgcc020.lib
  _amigaputc = 10732 (0x29ec) referenced 4 times
    File Boot:StormC/Lib/stormgcc020.lib
  _amigaread = 10792 (0x2a28) referenced 8 times
    File Boot:StormC/Lib/stormgcc020.lib
  _amigareadunget = 11172 (0x2ba4) referenced 1 times
    File Boot:StormC/Lib/stormgcc020.lib
  _amigaseek = 11276 (0x2c0c) referenced 4 times
    File Boot:StormC/Lib/stormgcc020.lib
  _amigaungetc = 11600 (0x2d50) referenced 4 times
    File Boot:StormC/Lib/stormgcc020.lib
  _amigawrite = 11636 (0x2d74) referenced 5 times
    File Boot:StormC/Lib/stormgcc020.lib
  _bzero = 12128 (0x2f60) referenced 1 times
    File Boot:StormC/Lib/stormgcc020.lib
  _closedir = 12200 (0x2fa8) referenced 1 times
    File Boot:StormC/Lib/stormgcc020.lib
  _isalnum = 12316 (0x301c) unused, maybe local
    File Boot:StormC/Lib/stormgcc020.lib
  _isalpha = 12342 (0x3036) unused, maybe local
    File Boot:StormC/Lib/stormgcc020.lib
  _iscntrl = 12368 (0x3050) unused, maybe local
    File Boot:StormC/Lib/stormgcc020.lib
  _isdigit = 12394 (0x306a) unused, maybe local
    File Boot:StormC/Lib/stormgcc020.lib
  _isgraph = 12420 (0x3084) unused, maybe local
    File Boot:StormC/Lib/stormgcc020.lib
  _islower = 12446 (0x309e) unused, maybe local
    File Boot:StormC/Lib/stormgcc020.lib
  _isprint = 12472 (0x30b8) unused, maybe local
    File Boot:StormC/Lib/stormgcc020.lib
  _ispunct = 12498 (0x30d2) unused, maybe local
    File Boot:StormC/Lib/stormgcc020.lib
  _isspace = 12526 (0x30ee) referenced 1 times
    File Boot:StormC/Lib/stormgcc020.lib
  _isupper = 12554 (0x310a) unused, maybe local
    File Boot:StormC/Lib/stormgcc020.lib
  _isxdigit = 12582 (0x3126) unused, maybe local
    File Boot:StormC/Lib/stormgcc020.lib
  _tolower = 12610 (0x3142) unused, maybe local
    File Boot:StormC/Lib/stormgcc020.lib
  _toupper = 12642 (0x3162) unused, maybe local
    File Boot:StormC/Lib/stormgcc020.lib
  _which_xdigit = 12674 (0x3182) unused, maybe local
    File Boot:StormC/Lib/stormgcc020.lib
  _fclose = 12732 (0x31bc) referenced 1 times
    File Boot:StormC/Lib/stormgcc020.lib
  _fflush = 12852 (0x3234) referenced 1 times
    File Boot:StormC/Lib/stormgcc020.lib
  _fileno = 12964 (0x32a4) referenced 1 times
    File Boot:StormC/Lib/stormgcc020.lib
  _fopen = 13064 (0x3308) referenced 2 times
    File Boot:StormC/Lib/stormgcc020.lib
  ___putfilech = 13632 (0x3540) referenced 1 times
    File Boot:StormC/Lib/stormgcc020.lib
  ___putstringch = 13660 (0x355c) unused, maybe local
    File Boot:StormC/Lib/stormgcc020.lib
  ___putfilestr = 13686 (0x3576) referenced 1 times
    File Boot:StormC/Lib/stormgcc020.lib
  ___putstringstr = 13714 (0x3592) unused, maybe local
    File Boot:StormC/Lib/stormgcc020.lib
  ___getfilech = 13770 (0x35ca) unused, maybe local
    File Boot:StormC/Lib/stormgcc020.lib
  ___getstringch = 13790 (0x35de) unused, maybe local
    File Boot:StormC/Lib/stormgcc020.lib
  ___ungetfilech = 13816 (0x35f8) unused, maybe local
    File Boot:StormC/Lib/stormgcc020.lib
  ___ungetstringch = 13844 (0x3614) unused, maybe local
    File Boot:StormC/Lib/stormgcc020.lib
  _formatted_out = 13866 (0x362a) referenced 1 times
    File Boot:StormC/Lib/stormgcc020.lib
  _formatted_in = 15598 (0x3cee) unused, maybe local
    File Boot:StormC/Lib/stormgcc020.lib
  _fprintf = 16688 (0x4130) referenced 17 times
    File Boot:StormC/Lib/stormgcc020.lib
  ___7filebuf = 16728 (0x4158) referenced 2 times
    File Boot:StormC/Lib/stormgcc020.lib
  __$_7filebuf = 16918 (0x4216) referenced 4 times
    File Boot:StormC/Lib/stormgcc020.lib
  _open__7filebufPCci = 16970 (0x424a) unused, maybe local
    File Boot:StormC/Lib/stormgcc020.lib
  _close__7filebuf = 17242 (0x435a) unused, maybe local
    File Boot:StormC/Lib/stormgcc020.lib
  _seekoff__7filebuflQ23ios8seek_diri = 17294 (0x438e) referenced 2 times
    File Boot:StormC/Lib/stormgcc020.lib
  _seekpos__7filebufG9streamposi = 17398 (0x43f6) referenced 2 times
    File Boot:StormC/Lib/stormgcc020.lib
  _setbuf__7filebufPcUl = 17456 (0x4430) referenced 2 times
    File Boot:StormC/Lib/stormgcc020.lib
  _sync__7filebuf = 17466 (0x443a) referenced 2 times
    File Boot:StormC/Lib/stormgcc020.lib
  _doallocate__7filebuf = 17624 (0x44d8) referenced 2 times
    File Boot:StormC/Lib/stormgcc020.lib
  _overflow__7filebufi = 17766 (0x4566) referenced 2 times
    File Boot:StormC/Lib/stormgcc020.lib
  _underflow__7filebuf = 17920 (0x4600) referenced 2 times
    File Boot:StormC/Lib/stormgcc020.lib
  _xsputn__7filebufPCci = 18154 (0x46ea) referenced 2 times
    File Boot:StormC/Lib/stormgcc020.lib
  _xsgetn__7filebufPci = 18334 (0x479e) referenced 2 times
    File Boot:StormC/Lib/stormgcc020.lib
  _pbackfail__7filebufi = 18576 (0x4890) referenced 2 times
    File Boot:StormC/Lib/stormgcc020.lib
  ___7fstreami = 18618 (0x48ba) unused, maybe local
    File Boot:StormC/Lib/stormgcc020.lib
  ___7fstreamiPCci = 19148 (0x4acc) unused, maybe local
    File Boot:StormC/Lib/stormgcc020.lib
  _open__7fstreamPCci = 19694 (0x4cee) unused, maybe local
    File Boot:StormC/Lib/stormgcc020.lib
  _close__7fstream = 19740 (0x4d1c) unused, maybe local
    File Boot:StormC/Lib/stormgcc020.lib
  _setbuf__7fstreamPcUl = 19774 (0x4d3e) unused, maybe local
    File Boot:StormC/Lib/stormgcc020.lib
  ___8ifstreami = 19802 (0x4d5a) unused, maybe local
    File Boot:StormC/Lib/stormgcc020.lib
  ___8ifstreamiPCci = 20326 (0x4f66) unused, maybe local
    File Boot:StormC/Lib/stormgcc020.lib
  _open__8ifstreamPCci = 20866 (0x5182) unused, maybe local
    File Boot:StormC/Lib/stormgcc020.lib
  _close__8ifstream = 20920 (0x51b8) unused, maybe local
    File Boot:StormC/Lib/stormgcc020.lib
  _setbuf__8ifstreamPcUl = 20954 (0x51da) unused, maybe local
    File Boot:StormC/Lib/stormgcc020.lib
  ___8ofstreami = 20982 (0x51f6) unused, maybe local
    File Boot:StormC/Lib/stormgcc020.lib
  ___8ofstreamiPCci = 21510 (0x5406) unused, maybe local
    File Boot:StormC/Lib/stormgcc020.lib
  _open__8ofstreamPCci = 22054 (0x5626) unused, maybe local
    File Boot:StormC/Lib/stormgcc020.lib
  _close__8ofstream = 22108 (0x565c) unused, maybe local
    File Boot:StormC/Lib/stormgcc020.lib
  _setbuf__8ofstreamPcUl = 22142 (0x567e) unused, maybe local
    File Boot:StormC/Lib/stormgcc020.lib
  ___vt_7filebuf = 22290 (0x5712) unused, maybe local
    File Boot:StormC/Lib/stormgcc020.lib
  ___tf7filebuf = 23586 (0x5c22) referenced 2 times
    File Boot:StormC/Lib/stormgcc020.lib
  _is_open__7filebuf = 23636 (0x5c54) unused, maybe local
    File Boot:StormC/Lib/stormgcc020.lib
  _INIT_5_InitFiles = 24680 (0x6068) unused, maybe local
    File Boot:StormC/Lib/stormgcc020.lib
  _EXIT_5_InitFiles = 24768 (0x60c0) unused, maybe local
    File Boot:StormC/Lib/stormgcc020.lib
  _INIT_8_UnixStuff = 24892 (0x613c) unused, maybe local
    File Boot:StormC/Lib/stormgcc020.lib
  _EXIT_8_UnixStuff = 24994 (0x61a2) unused, maybe local
    File Boot:StormC/Lib/stormgcc020.lib
  _div = 25158 (0x6246) unused, maybe local
    File Boot:StormC/Lib/stormgcc020.lib
  _abs = 25190 (0x6266) unused, maybe local
    File Boot:StormC/Lib/stormgcc020.lib
  _labs = 25206 (0x6276) unused, maybe local
    File Boot:StormC/Lib/stormgcc020.lib
  _llabs = 25222 (0x6286) unused, maybe local
    File Boot:StormC/Lib/stormgcc020.lib
  _atoi = 25246 (0x629e) referenced 4 times
    File Boot:StormC/Lib/stormgcc020.lib
  _atol = 25266 (0x62b2) unused, maybe local
    File Boot:StormC/Lib/stormgcc020.lib
  _strtol = 25286 (0x62c6) unused, maybe local
    File Boot:StormC/Lib/stormgcc020.lib
  _strtoul = 25766 (0x64a6) unused, maybe local
    File Boot:StormC/Lib/stormgcc020.lib
  _atoll = 26178 (0x6642) unused, maybe local
    File Boot:StormC/Lib/stormgcc020.lib
  _strtoll = 26198 (0x6656) unused, maybe local
    File Boot:StormC/Lib/stormgcc020.lib
  _strtoull = 26894 (0x690e) unused, maybe local
    File Boot:StormC/Lib/stormgcc020.lib
  _uinttostr = 27506 (0x6b72) unused, maybe local
    File Boot:StormC/Lib/stormgcc020.lib
  _inttostr = 27630 (0x6bee) unused, maybe local
    File Boot:StormC/Lib/stormgcc020.lib
  _ullongtostr = 27682 (0x6c22) unused, maybe local
    File Boot:StormC/Lib/stormgcc020.lib
  _llongtostr = 27910 (0x6d06) unused, maybe local
    File Boot:StormC/Lib/stormgcc020.lib
  ___ioErr = 27972 (0x6d44) referenced 6 times
    File Boot:StormC/Lib/stormgcc020.lib
  _bitalloc__3ios = 28060 (0x6d9c) unused, maybe local
    File Boot:StormC/Lib/stormgcc020.lib
  _xalloc__3ios = 28084 (0x6db4) unused, maybe local
    File Boot:StormC/Lib/stormgcc020.lib
  _init__3iosP9streambuf = 28104 (0x6dc8) referenced 12 times
    File Boot:StormC/Lib/stormgcc020.lib
  _userword__3iosi = 28158 (0x6dfe) unused, maybe local
    File Boot:StormC/Lib/stormgcc020.lib
  __3ios$basefield = 28294 (0x6e86) unused, maybe local
    File Boot:StormC/Lib/stormgcc020.lib
  __3ios$adjustfield = 28298 (0x6e8a) unused, maybe local
    File Boot:StormC/Lib/stormgcc020.lib
  __3ios$floatfield = 28302 (0x6e8e) unused, maybe local
    File Boot:StormC/Lib/stormgcc020.lib
  _dec__FR3ios = 28306 (0x6e92) unused, maybe local
    File Boot:StormC/Lib/stormgcc020.lib
  _hex__FR3ios = 28340 (0x6eb4) unused, maybe local
    File Boot:StormC/Lib/stormgcc020.lib
  _oct__FR3ios = 28374 (0x6ed6) unused, maybe local
    File Boot:StormC/Lib/stormgcc020.lib
  _showbase__FR3ios = 28408 (0x6ef8) unused, maybe local
    File Boot:StormC/Lib/stormgcc020.lib
  _hidebase__FR3ios = 28438 (0x6f16) unused, maybe local
    File Boot:StormC/Lib/stormgcc020.lib
  ___9streambuf = 28468 (0x6f34) referenced 1 times
    File Boot:StormC/Lib/stormgcc020.lib
  ___9streambufPci = 28520 (0x6f68) unused, maybe local
    File Boot:StormC/Lib/stormgcc020.lib
  __$_9streambuf = 28582 (0x6fa6) referenced 2 times
    File Boot:StormC/Lib/stormgcc020.lib
  _sgetn__9streambufPci = 28646 (0x6fe6) unused, maybe local
    File Boot:StormC/Lib/stormgcc020.lib
  _sputn__9streambufPCci = 28734 (0x703e) unused, maybe local
    File Boot:StormC/Lib/stormgcc020.lib
  _setbuf__9streambufPcUl = 28822 (0x7096) unused, maybe local
    File Boot:StormC/Lib/stormgcc020.lib
  _setbuffer__9streambufPcUli = 28856 (0x70b8) unused, maybe local
    File Boot:StormC/Lib/stormgcc020.lib
  _overflow__9streambufi = 28940 (0x710c) unused, maybe local
    File Boot:StormC/Lib/stormgcc020.lib
  _underflow__9streambuf = 28950 (0x7116) unused, maybe local
    File Boot:StormC/Lib/stormgcc020.lib
  _xsputn__9streambufPCci = 28960 (0x7120) unused, maybe local
    File Boot:StormC/Lib/stormgcc020.lib
  _xsgetn__9streambufPci = 29022 (0x715e) unused, maybe local
    File Boot:StormC/Lib/stormgcc020.lib
  _doallocate__9streambuf = 29080 (0x7198) unused, maybe local
    File Boot:StormC/Lib/stormgcc020.lib
  _ipfx__7istreami = 29176 (0x71f8) unused, maybe local
    File Boot:StormC/Lib/stormgcc020.lib
  ___rs__7istreamPc = 29366 (0x72b6) referenced 17 times
    File Boot:StormC/Lib/stormgcc020.lib
  ___rs__7istreamRc = 29488 (0x7330) referenced 2 times
    File Boot:StormC/Lib/stormgcc020.lib
  ___rs__7istreamRs = 29590 (0x7396) unused, maybe local
    File Boot:StormC/Lib/stormgcc020.lib
  ___rs__7istreamRUs = 29768 (0x7448) unused, maybe local
    File Boot:StormC/Lib/stormgcc020.lib
  ___rs__7istreamRi = 29946 (0x74fa) unused, maybe local
    File Boot:StormC/Lib/stormgcc020.lib
  ___rs__7istreamRUi = 30124 (0x75ac) unused, maybe local
    File Boot:StormC/Lib/stormgcc020.lib
  ___rs__7istreamRl = 30302 (0x765e) unused, maybe local
    File Boot:StormC/Lib/stormgcc020.lib
  ___rs__7istreamRUl = 30480 (0x7710) unused, maybe local
    File Boot:StormC/Lib/stormgcc020.lib
  ___rs__7istreamRf = 30658 (0x77c2) unused, maybe local
    File Boot:StormC/Lib/stormgcc020.lib
  ___rs__7istreamRd = 30812 (0x785c) unused, maybe local
    File Boot:StormC/Lib/stormgcc020.lib
  ___rs__7istreamRr = 30944 (0x78e0) unused, maybe local
    File Boot:StormC/Lib/stormgcc020.lib
  ___rs__7istreamP9streambuf = 31094 (0x7976) unused, maybe local
    File Boot:StormC/Lib/stormgcc020.lib
  _get__7istreamPcic = 31122 (0x7992) unused, maybe local
    File Boot:StormC/Lib/stormgcc020.lib
  _getline__7istreamPcic = 31286 (0x7a36) unused, maybe local
    File Boot:StormC/Lib/stormgcc020.lib
  _get__7istreamR9streambufc = 31430 (0x7ac6) unused, maybe local
    File Boot:StormC/Lib/stormgcc020.lib
  _get__7istreamRc = 31460 (0x7ae4) unused, maybe local
    File Boot:StormC/Lib/stormgcc020.lib
  _get__7istream = 31542 (0x7b36) unused, maybe local
    File Boot:StormC/Lib/stormgcc020.lib
  _ignore__7istreamii = 31608 (0x7b78) unused, maybe local
    File Boot:StormC/Lib/stormgcc020.lib
  _read__7istreamPci = 31734 (0x7bf6) unused, maybe local
    File Boot:StormC/Lib/stormgcc020.lib
  _peek__7istream = 31844 (0x7c64) unused, maybe local
    File Boot:StormC/Lib/stormgcc020.lib
  _seekg__7istreamG9streampos = 31896 (0x7c98) unused, maybe local
    File Boot:StormC/Lib/stormgcc020.lib
  _seekg__7istreamlQ23ios8seek_dir = 31954 (0x7cd2) unused, maybe local
    File Boot:StormC/Lib/stormgcc020.lib
  _ws__FR7istream = 32018 (0x7d12) unused, maybe local
    File Boot:StormC/Lib/stormgcc020.lib
  _opfx__7ostream = 32182 (0x7db6) unused, maybe local
    File Boot:StormC/Lib/stormgcc020.lib
  _osfx__7ostream = 32250 (0x7dfa) unused, maybe local
    File Boot:StormC/Lib/stormgcc020.lib
  ___ls__7ostreamc = 32278 (0x7e16) unused, maybe local
    File Boot:StormC/Lib/stormgcc020.lib
  ___ls__7ostreamPCc = 32388 (0x7e84) referenced 24 times
    File Boot:StormC/Lib/stormgcc020.lib
  ___ls__7ostreaml = 32508 (0x7efc) unused, maybe local
    File Boot:StormC/Lib/stormgcc020.lib
  ___ls__7ostreamUl = 32690 (0x7fb2) unused, maybe local
    File Boot:StormC/Lib/stormgcc020.lib
  ___ls__7ostreamf = 32872 (0x8068) unused, maybe local
    File Boot:StormC/Lib/stormgcc020.lib
  ___ls__7ostreamd = 32910 (0x808e) referenced 1 times
    File Boot:StormC/Lib/stormgcc020.lib
  ___ls__7ostreamPv = 33106 (0x8152) unused, maybe local
    File Boot:StormC/Lib/stormgcc020.lib
  ___ls__7ostreamP9streambuf = 33260 (0x81ec) unused, maybe local
    File Boot:StormC/Lib/stormgcc020.lib
  _seekp__7ostreamG9streamposQ23ios8seek_dir = 33346 (0x8242) unused, maybe local
    File Boot:StormC/Lib/stormgcc020.lib
  _seekp__7ostreamlQ23ios8seek_dir = 33414 (0x8286) unused, maybe local
    File Boot:StormC/Lib/stormgcc020.lib
  _flush__FR7ostream = 33478 (0x82c6) unused, maybe local
    File Boot:StormC/Lib/stormgcc020.lib
  _endl__FR7ostream = 33504 (0x82e0) referenced 8 times
    File Boot:StormC/Lib/stormgcc020.lib
  _ends__FR7ostream = 33546 (0x830a) unused, maybe local
    File Boot:StormC/Lib/stormgcc020.lib
  ___vt_9streambuf = 33574 (0x8326) unused, maybe local
    File Boot:StormC/Lib/stormgcc020.lib
  ___tf9streambuf = 34022 (0x84e6) referenced 1 times
    File Boot:StormC/Lib/stormgcc020.lib
  _in_avail__9streambuf = 34060 (0x850c) referenced 2 times
    File Boot:StormC/Lib/stormgcc020.lib
  _out_waiting__9streambuf = 34080 (0x8520) referenced 1 times
    File Boot:StormC/Lib/stormgcc020.lib
  _sbumpc__9streambuf = 34100 (0x8534) unused, maybe local
    File Boot:StormC/Lib/stormgcc020.lib
  _sgetc__9streambuf = 34162 (0x8572) unused, maybe local
    File Boot:StormC/Lib/stormgcc020.lib
  _snextc__9streambuf = 34212 (0x85a4) unused, maybe local
    File Boot:StormC/Lib/stormgcc020.lib
  _stossc__9streambuf = 34250 (0x85ca) unused, maybe local
    File Boot:StormC/Lib/stormgcc020.lib
  _sputbackc__9streambufc = 34266 (0x85da) unused, maybe local
    File Boot:StormC/Lib/stormgcc020.lib
  _sputc__9streambufi = 34334 (0x861e) unused, maybe local
    File Boot:StormC/Lib/stormgcc020.lib
  _sync__9streambuf = 34388 (0x8654) unused, maybe local
    File Boot:StormC/Lib/stormgcc020.lib
  _seekoff__9streambuflQ23ios8seek_diri = 34434 (0x8682) unused, maybe local
    File Boot:StormC/Lib/stormgcc020.lib
  _seekpos__9streambufG9streamposi = 34462 (0x869e) unused, maybe local
    File Boot:StormC/Lib/stormgcc020.lib
  _allocate__9streambuf = 34520 (0x86d8) referenced 4 times
    File Boot:StormC/Lib/stormgcc020.lib
  _unbuffered__9streambuf = 34576 (0x8710) unused, maybe local
    File Boot:StormC/Lib/stormgcc020.lib
  _unbuffered__9streambufi = 34594 (0x8722) unused, maybe local
    File Boot:StormC/Lib/stormgcc020.lib
  _pbackfail__9streambufi = 34612 (0x8734) unused, maybe local
    File Boot:StormC/Lib/stormgcc020.lib
  _pbump__9streambufi = 34622 (0x873e) unused, maybe local
    File Boot:StormC/Lib/stormgcc020.lib
  _gbump__9streambufi = 34642 (0x8752) unused, maybe local
    File Boot:StormC/Lib/stormgcc020.lib
  _memcpy = 34740 (0x87b4) unused, maybe local
    File Boot:StormC/Lib/stormgcc020.lib
  _memmove = 34770 (0x87d2) unused, maybe local
    File Boot:StormC/Lib/stormgcc020.lib
  _memcmp = 34824 (0x8808) unused, maybe local
    File Boot:StormC/Lib/stormgcc020.lib
  _memchr = 34884 (0x8844) unused, maybe local
    File Boot:StormC/Lib/stormgcc020.lib
  _memset = 34922 (0x886a) referenced 2 times
    File Boot:StormC/Lib/stormgcc020.lib
  _bcmp = 34956 (0x888c) unused, maybe local
    File Boot:StormC/Lib/stormgcc020.lib
  _bcopy = 35016 (0x88c8) referenced 9 times
    File Boot:StormC/Lib/stormgcc020.lib
  _ffs = 35148 (0x894c) referenced 1 times
    File Boot:StormC/Lib/stormgcc020.lib
  _malloc = 35724 (0x8b8c) referenced 10 times
    File Boot:StormC/Lib/stormgcc020.lib
  _free = 36252 (0x8d9c) referenced 14 times
    File Boot:StormC/Lib/stormgcc020.lib
  _calloc = 36270 (0x8dae) unused, maybe local
    File Boot:StormC/Lib/stormgcc020.lib
  _realloc = 36346 (0x8dfa) unused, maybe local
    File Boot:StormC/Lib/stormgcc020.lib
  _INIT_4_MixedMem = 36516 (0x8ea4) unused, maybe local
    File Boot:StormC/Lib/stormgcc020.lib
  _EXIT_4_MixedMem = 36672 (0x8f40) unused, maybe local
    File Boot:StormC/Lib/stormgcc020.lib
  ___setNextFreeHandleNum = 36808 (0x8fc8) referenced 1 times
    File Boot:StormC/Lib/stormgcc020.lib
  _open = 37052 (0x90bc) unused, maybe local
    File Boot:StormC/Lib/stormgcc020.lib
  _setvbuf = 37204 (0x9154) referenced 3 times
    File Boot:StormC/Lib/stormgcc020.lib
  _signal = 37396 (0x9214) unused, maybe local
    File Boot:StormC/Lib/stormgcc020.lib
  _raise = 37440 (0x9240) unused, maybe local
    File Boot:StormC/Lib/stormgcc020.lib
  _abort = 37482 (0x926a) referenced 1 times
    File Boot:StormC/Lib/stormgcc020.lib
  _INIT_6_InitStdIOFiles = 37496 (0x9278) unused, maybe local
    File Boot:StormC/Lib/stormgcc020.lib
  _EXIT_6_InitStdIOFiles = 37672 (0x9328) unused, maybe local
    File Boot:StormC/Lib/stormgcc020.lib
  ___10cinfilebuf = 37716 (0x9354) unused, maybe local
    File Boot:StormC/Lib/stormgcc020.lib
  __$_10cinfilebuf = 37938 (0x9432) unused, maybe local
    File Boot:StormC/Lib/stormgcc020.lib
  ___11coutfilebuf = 37974 (0x9456) unused, maybe local
    File Boot:StormC/Lib/stormgcc020.lib
  __$_11coutfilebuf = 38196 (0x9534) unused, maybe local
    File Boot:StormC/Lib/stormgcc020.lib
  _INIT_6_InitStdIOStreamBuffers = 38232 (0x9558) unused, maybe local
    File Boot:StormC/Lib/stormgcc020.lib
  _EXIT_6_ExitStdIOStreamBuffers = 38290 (0x9592) unused, maybe local
    File Boot:StormC/Lib/stormgcc020.lib
  ___vt_11coutfilebuf = 38308 (0x95a4) unused, maybe local
    File Boot:StormC/Lib/stormgcc020.lib
  ___vt_10cinfilebuf = 38364 (0x95dc) unused, maybe local
    File Boot:StormC/Lib/stormgcc020.lib
  ___tf10cinfilebuf = 39626 (0x9aca) unused, maybe local
    File Boot:StormC/Lib/stormgcc020.lib
  ___tf11coutfilebuf = 39676 (0x9afc) unused, maybe local
    File Boot:StormC/Lib/stormgcc020.lib
  _INIT_5___10cinfilebufstdstreams_c = 40630 (0x9eb6) unused, maybe local
    File Boot:StormC/Lib/stormgcc020.lib
  _EXIT_5___10cinfilebufstdstreams_c = 40652 (0x9ecc) unused, maybe local
    File Boot:StormC/Lib/stormgcc020.lib
  _strcmp = 40672 (0x9ee0) referenced 4 times
    File Boot:StormC/Lib/stormgcc020.lib
  _strncmp = 40728 (0x9f18) unused, maybe local
    File Boot:StormC/Lib/stormgcc020.lib
  _strlen = 40808 (0x9f68) referenced 4 times
    File Boot:StormC/Lib/stormgcc020.lib
  _signed_out = 40832 (0x9f80) referenced 1 times
    File Boot:StormC/Lib/stormgcc020.lib
  _signed_out_l = 41508 (0xa224) referenced 2 times
    File Boot:StormC/Lib/stormgcc020.lib
  _unsigned_out = 41592 (0xa278) referenced 5 times
    File Boot:StormC/Lib/stormgcc020.lib
  _unsigned_out_l = 42240 (0xa500) referenced 3 times
    File Boot:StormC/Lib/stormgcc020.lib
  _char_out = 42754 (0xa702) referenced 2 times
    File Boot:StormC/Lib/stormgcc020.lib
  _string_out = 42920 (0xa7a8) referenced 2 times
    File Boot:StormC/Lib/stormgcc020.lib
  _int_in = 43110 (0xa866) referenced 9 times
    File Boot:StormC/Lib/stormgcc020.lib
  _char_in = 43970 (0xabc2) referenced 2 times
    File Boot:StormC/Lib/stormgcc020.lib
  _string_in = 44092 (0xac3c) referenced 2 times
    File Boot:StormC/Lib/stormgcc020.lib
  _InitXSemaphore = 44268 (0xacec) referenced 3 times
    File Boot:StormC/Lib/stormgcc020.lib
  _FreeXSemaphore = 44362 (0xad4a) referenced 3 times
    File Boot:StormC/Lib/stormgcc020.lib
  _ObtainXSemaphore = 44410 (0xad7a) referenced 10 times
    File Boot:StormC/Lib/stormgcc020.lib
  _ReleaseXSemaphore = 44444 (0xad9c) referenced 11 times
    File Boot:StormC/Lib/stormgcc020.lib
  Open = 44480 (0xadc0) unused, maybe local
    File Boot:StormC/Lib/amiga.lib
  _Open = 44480 (0xadc0) referenced 1 times
    File Boot:StormC/Lib/amiga.lib
  Close = 44508 (0xaddc) unused, maybe local
    File Boot:StormC/Lib/amiga.lib
  _Close = 44508 (0xaddc) referenced 1 times
    File Boot:StormC/Lib/amiga.lib
  Read = 44528 (0xadf0) unused, maybe local
    File Boot:StormC/Lib/amiga.lib
  _Read = 44528 (0xadf0) referenced 4 times
    File Boot:StormC/Lib/amiga.lib
  Write = 44556 (0xae0c) unused, maybe local
    File Boot:StormC/Lib/amiga.lib
  _Write = 44556 (0xae0c) referenced 3 times
    File Boot:StormC/Lib/amiga.lib
  Input = 44584 (0xae28) unused, maybe local
    File Boot:StormC/Lib/amiga.lib
  _Input = 44584 (0xae28) referenced 2 times
    File Boot:StormC/Lib/amiga.lib
  Output = 44600 (0xae38) unused, maybe local
    File Boot:StormC/Lib/amiga.lib
  _Output = 44600 (0xae38) referenced 2 times
    File Boot:StormC/Lib/amiga.lib
  Seek = 44616 (0xae48) unused, maybe local
    File Boot:StormC/Lib/amiga.lib
  _Seek = 44616 (0xae48) referenced 10 times
    File Boot:StormC/Lib/amiga.lib
  Lock = 44644 (0xae64) unused, maybe local
    File Boot:StormC/Lib/amiga.lib
  _Lock = 44644 (0xae64) referenced 3 times
    File Boot:StormC/Lib/amiga.lib
  UnLock = 44672 (0xae80) unused, maybe local
    File Boot:StormC/Lib/amiga.lib
  _UnLock = 44672 (0xae80) referenced 3 times
    File Boot:StormC/Lib/amiga.lib
  IsInteractive = 44692 (0xae94) unused, maybe local
    File Boot:StormC/Lib/amiga.lib
  _IsInteractive = 44692 (0xae94) referenced 1 times
    File Boot:StormC/Lib/amiga.lib
  OpenFromLock = 44712 (0xaea8) unused, maybe local
    File Boot:StormC/Lib/amiga.lib
  _OpenFromLock = 44712 (0xaea8) referenced 1 times
    File Boot:StormC/Lib/amiga.lib
  GetProgramName = 44732 (0xaebc) unused, maybe local
    File Boot:StormC/Lib/amiga.lib
  _GetProgramName = 44732 (0xaebc) referenced 1 times
    File Boot:StormC/Lib/amiga.lib
  FilePart = 44760 (0xaed8) unused, maybe local
    File Boot:StormC/Lib/amiga.lib
  _FilePart = 44760 (0xaed8) referenced 1 times
    File Boot:StormC/Lib/amiga.lib
  AddPart = 44780 (0xaeec) unused, maybe local
    File Boot:StormC/Lib/amiga.lib
  _AddPart = 44780 (0xaeec) referenced 1 times
    File Boot:StormC/Lib/amiga.lib
  VPrintf = 44808 (0xaf08) unused, maybe local
    File Boot:StormC/Lib/amiga.lib
  _VPrintf = 44808 (0xaf08) referenced 1 times
    File Boot:StormC/Lib/amiga.lib
  AllocMem = 44836 (0xaf24) unused, maybe local
    File Boot:StormC/Lib/amiga.lib
  _AllocMem = 44836 (0xaf24) referenced 1 times
    File Boot:StormC/Lib/amiga.lib
  FreeMem = 44860 (0xaf3c) unused, maybe local
    File Boot:StormC/Lib/amiga.lib
  _FreeMem = 44860 (0xaf3c) referenced 1 times
    File Boot:StormC/Lib/amiga.lib
  FindTask = 44884 (0xaf54) unused, maybe local
    File Boot:StormC/Lib/amiga.lib
  _FindTask = 44884 (0xaf54) referenced 1 times
    File Boot:StormC/Lib/amiga.lib
  CloseLibrary = 44904 (0xaf68) unused, maybe local
    File Boot:StormC/Lib/amiga.lib
  _CloseLibrary = 44904 (0xaf68) referenced 1 times
    File Boot:StormC/Lib/amiga.lib
  OpenLibrary = 44924 (0xaf7c) unused, maybe local
    File Boot:StormC/Lib/amiga.lib
  _OpenLibrary = 44924 (0xaf7c) referenced 1 times
    File Boot:StormC/Lib/amiga.lib
  EasyRequest = 44948 (0xaf94) unused, maybe local
    File Boot:StormC/Lib/amiga.lib
  _EasyRequest = 44948 (0xaf94) referenced 1 times
    File Boot:StormC/Lib/amiga.lib
  _setjmp = 44980 (0xafb4) referenced 2 times
    File Boot:StormC/StormSYS/lib/mathgcc020.lib
  _longjmp = 44994 (0xafc2) referenced 3 times
    File Boot:StormC/StormSYS/lib/mathgcc020.lib
  _atof = 45050 (0xaffa) referenced 2 times
    File Boot:StormC/StormSYS/lib/mathgcc020.lib
  _strtod = 45104 (0xb030) unused, maybe local
    File Boot:StormC/StormSYS/lib/mathgcc020.lib
  ___muldf3 = 45176 (0xb078) referenced 11 times
    File Boot:StormC/StormSYS/lib/mathgcc020.lib
  ___divdf3 = 45204 (0xb094) referenced 9 times
    File Boot:StormC/StormSYS/lib/mathgcc020.lib
  ___adddf3 = 45232 (0xb0b0) referenced 7 times
    File Boot:StormC/StormSYS/lib/mathgcc020.lib
  ___subdf3 = 45260 (0xb0cc) referenced 8 times
    File Boot:StormC/StormSYS/lib/mathgcc020.lib
  ___eqdf2 = 45288 (0xb0e8) referenced 2 times
    File Boot:StormC/StormSYS/lib/mathgcc020.lib
  ___nedf2 = 45288 (0xb0e8) referenced 1 times
    File Boot:StormC/StormSYS/lib/mathgcc020.lib
  ___gtdf2 = 45288 (0xb0e8) referenced 1 times
    File Boot:StormC/StormSYS/lib/mathgcc020.lib
  ___gedf2 = 45288 (0xb0e8) referenced 2 times
    File Boot:StormC/StormSYS/lib/mathgcc020.lib
  ___ltdf2 = 45288 (0xb0e8) referenced 5 times
    File Boot:StormC/StormSYS/lib/mathgcc020.lib
  ___ledf2 = 45288 (0xb0e8) referenced 1 times
    File Boot:StormC/StormSYS/lib/mathgcc020.lib
  ___floatsidf = 45316 (0xb104) referenced 5 times
    File Boot:StormC/StormSYS/lib/mathgcc020.lib
  ___fixdfsi = 45340 (0xb11c) referenced 1 times
    File Boot:StormC/StormSYS/lib/mathgcc020.lib
  ___extendsfdf2 = 45364 (0xb134) referenced 2 times
    File Boot:StormC/StormSYS/lib/mathgcc020.lib
  ___truncdfsf2 = 45388 (0xb14c) referenced 3 times
    File Boot:StormC/StormSYS/lib/mathgcc020.lib
  _floor = 45412 (0xb164) referenced 2 times
    File Boot:StormC/StormSYS/lib/mathgcc020.lib
  _sin = 45436 (0xb17c) referenced 1 times
    File Boot:StormC/StormSYS/lib/mathgcc020.lib
  _atan = 45460 (0xb194) referenced 5 times
    File Boot:StormC/StormSYS/lib/mathgcc020.lib
  _pow = 45484 (0xb1ac) referenced 1 times
    File Boot:StormC/StormSYS/lib/mathgcc020.lib
  _isinf = 45512 (0xb1c8) referenced 1 times
    File Boot:StormC/StormSYS/lib/mathgcc020.lib
  _isnan = 45552 (0xb1f0) referenced 1 times
    File Boot:StormC/StormSYS/lib/mathgcc020.lib
  _atan2 = 45596 (0xb21c) unused, maybe local
    File Boot:StormC/StormSYS/lib/mathgcc020.lib
  _ldexp = 45972 (0xb394) unused, maybe local
    File Boot:StormC/StormSYS/lib/mathgcc020.lib
  _frexp = 46044 (0xb3dc) referenced 2 times
    File Boot:StormC/StormSYS/lib/mathgcc020.lib
  _modf = 46128 (0xb430) unused, maybe local
    File Boot:StormC/StormSYS/lib/mathgcc020.lib
  _double_out = 46702 (0xb66e) referenced 2 times
    File Boot:StormC/StormSYS/lib/mathgcc020.lib
  _double_in = 48166 (0xbc26) referenced 6 times
    File Boot:StormC/StormSYS/lib/mathgcc020.lib
  _va_putd = 48780 (0xbe8c) referenced 1 times
    File Boot:StormC/StormSYS/lib/mathgcc020.lib
  _wbmain__FP9WBStartup = 48868 (0xbee4) referenced 1 times
    File Boot:StormC/StormSYS/lib/stormgccstartup020.lib
  wbmain(WBStartup *) = 48868 (0xbee4) referenced 1 times
    File Boot:StormC/StormSYS/lib/stormgccstartup020.lib
  _wbmain = 48876 (0xbeec) referenced 2 times
    File Boot:StormC/StormSYS/lib/stormgccstartup020.lib
  __gcc_main__ = 48890 (0xbefa) referenced 1 times
    File Boot:StormC/StormSYS/lib/stormgccstartup020.lib
  _EXIT_0_Main = 49350 (0xc0c6) unused, maybe local
    File Boot:StormC/StormSYS/lib/stormgccstartup020.lib
  _INIT_1_DOSBaseDOS_c = 49470 (0xc13e) unused, maybe local
    File Boot:StormC/StormSYS/lib/stormgccstartup020.lib
  _EXIT_1_DOSBaseDOS_c = 49490 (0xc152) unused, maybe local
    File Boot:StormC/StormSYS/lib/stormgccstartup020.lib
  _InitModules = 49508 (0xc164) referenced 2 times
    File Boot:StormC/StormSYS/lib/stormgccstartup020.lib
  _CleanupModules = 49588 (0xc1b4) referenced 2 times
    File Boot:StormC/StormSYS/lib/stormgccstartup020.lib
  _INIT_1_IntuitionBaseIntuition_c = 49740 (0xc24c) unused, maybe local
    File Boot:StormC/StormSYS/lib/stormgccstartup020.lib
  _EXIT_1_IntuitionBaseIntuition_c = 49760 (0xc260) unused, maybe local
    File Boot:StormC/StormSYS/lib/stormgccstartup020.lib
  ___8LibBaseCPcUls = 49918 (0xc2fe) referenced 4 times
    File Boot:StormC/StormSYS/lib/stormgccstartup020.lib
  __$_8LibBaseC = 50276 (0xc464) referenced 4 times
    File Boot:StormC/StormSYS/lib/stormgccstartup020.lib
  _version__C8LibBaseC = 50328 (0xc498) unused, maybe local
    File Boot:StormC/StormSYS/lib/stormgccstartup020.lib
  _INIT_2_MathIeeeDoubBasBaseMI_EDB_c = 50446 (0xc50e) unused, maybe local
    File Boot:StormC/StormSYS/lib/stormgccstartup020.lib
  _EXIT_2_MathIeeeDoubBasBaseMI_EDB_c = 50466 (0xc522) unused, maybe local
    File Boot:StormC/StormSYS/lib/stormgccstartup020.lib
  _INIT_2_MathIeeeDoubTransBaseMI_EDT_c = 50576 (0xc590) unused, maybe local
    File Boot:StormC/StormSYS/lib/stormgccstartup020.lib
  _EXIT_2_MathIeeeDoubTransBaseMI_EDT_c = 50596 (0xc5a4) unused, maybe local
    File Boot:StormC/StormSYS/lib/stormgccstartup020.lib
  ___mulsi3 = 50616 (0xc5b8) referenced 13 times
    File Boot:StormC/StormSYS/lib/stormgccsupport000.lib
  ___udivsi3 = 50656 (0xc5e0) referenced 9 times
    File Boot:StormC/StormSYS/lib/stormgccsupport000.lib
  ___divsi3 = 50744 (0xc638) unused, maybe local
    File Boot:StormC/StormSYS/lib/stormgccsupport000.lib
  ___umodsi3 = 50788 (0xc664) referenced 4 times
    File Boot:StormC/StormSYS/lib/stormgccsupport000.lib
  ___modsi3 = 50874 (0xc6ba) unused, maybe local
    File Boot:StormC/StormSYS/lib/stormgccsupport000.lib
  ___builtin_delete = 50926 (0xc6ee) referenced 21 times
    File Boot:StormC/StormSYS/lib/stormgccsupport000.lib
  ___builtin_vec_delete = 50948 (0xc704) referenced 3 times
    File Boot:StormC/StormSYS/lib/stormgccsupport000.lib
  ___dl__FPvRC9nothrow_t = 50970 (0xc71a) unused, maybe local
    File Boot:StormC/StormSYS/lib/stormgccsupport000.lib
  ___vd__FPvRC9nothrow_t = 50992 (0xc730) unused, maybe local
    File Boot:StormC/StormSYS/lib/stormgccsupport000.lib
  _terminate__Fv = 51016 (0xc748) referenced 1 times
    File Boot:StormC/StormSYS/lib/stormgccsupport000.lib
  ___default_unexpected__Fv = 51030 (0xc756) unused, maybe local
    File Boot:StormC/StormSYS/lib/stormgccsupport000.lib
  _set_terminate__FPFv_v = 51038 (0xc75e) unused, maybe local
    File Boot:StormC/StormSYS/lib/stormgccsupport000.lib
  _set_unexpected__FPFv_v = 51060 (0xc774) unused, maybe local
    File Boot:StormC/StormSYS/lib/stormgccsupport000.lib
  _unexpected__Fv = 51082 (0xc78a) unused, maybe local
    File Boot:StormC/StormSYS/lib/stormgccsupport000.lib
  ___cp_exception_info = 51096 (0xc798) unused, maybe local
    File Boot:StormC/StormSYS/lib/stormgccsupport000.lib
  ___cp_eh_info = 51116 (0xc7ac) referenced 1 times
    File Boot:StormC/StormSYS/lib/stormgccsupport000.lib
  ___start_cp_handler = 51134 (0xc7be) unused, maybe local
    File Boot:StormC/StormSYS/lib/stormgccsupport000.lib
  ___eh_alloc = 51164 (0xc7dc) referenced 1 times
    File Boot:StormC/StormSYS/lib/stormgccsupport000.lib
  ___eh_free = 51192 (0xc7f8) unused, maybe local
    File Boot:StormC/StormSYS/lib/stormgccsupport000.lib
  ___cplus_type_matcher = 51210 (0xc80a) unused, maybe local
    File Boot:StormC/StormSYS/lib/stormgccsupport000.lib
  ___cp_push_exception = 51292 (0xc85c) referenced 1 times
    File Boot:StormC/StormSYS/lib/stormgccsupport000.lib
  ___cp_pop_exception = 51388 (0xc8bc) referenced 2 times
    File Boot:StormC/StormSYS/lib/stormgccsupport000.lib
  ___uncatch_exception = 51528 (0xc948) unused, maybe local
    File Boot:StormC/StormSYS/lib/stormgccsupport000.lib
  ___check_eh_spec = 51560 (0xc968) unused, maybe local
    File Boot:StormC/StormSYS/lib/stormgccsupport000.lib
  ___throw_bad_cast = 52516 (0xcd24) unused, maybe local
    File Boot:StormC/StormSYS/lib/stormgccsupport000.lib
  ___throw_bad_typeid = 52984 (0xcef8) unused, maybe local
    File Boot:StormC/StormSYS/lib/stormgccsupport000.lib
  _uncaught_exception__Fv = 53452 (0xd0cc) unused, maybe local
    File Boot:StormC/StormSYS/lib/stormgccsupport000.lib
  _what__C9exception = 53486 (0xd0ee) referenced 2 times
    File Boot:StormC/StormSYS/lib/stormgccsupport000.lib
  ___vt_9Exception = 53510 (0xd106) unused, maybe local
    File Boot:StormC/StormSYS/lib/stormgccsupport000.lib
  ___vt_13bad_exception = 53526 (0xd116) unused, maybe local
    File Boot:StormC/StormSYS/lib/stormgccsupport000.lib
  ___vt_9exception = 53542 (0xd126) referenced 8 times
    File Boot:StormC/StormSYS/lib/stormgccsupport000.lib
  __$_9Exception = 53558 (0xd136) unused, maybe local
    File Boot:StormC/StormSYS/lib/stormgccsupport000.lib
  ___9Exception = 53592 (0xd158) unused, maybe local
    File Boot:StormC/StormSYS/lib/stormgccsupport000.lib
  ___tf9Exception = 53766 (0xd206) unused, maybe local
    File Boot:StormC/StormSYS/lib/stormgccsupport000.lib
  __$_13bad_exception = 53816 (0xd238) unused, maybe local
    File Boot:StormC/StormSYS/lib/stormgccsupport000.lib
  ___13bad_exception = 53850 (0xd25a) unused, maybe local
    File Boot:StormC/StormSYS/lib/stormgccsupport000.lib
  ___tf13bad_exception = 54028 (0xd30c) unused, maybe local
    File Boot:StormC/StormSYS/lib/stormgccsupport000.lib
  __$_9exception = 54076 (0xd33c) unused, maybe local
    File Boot:StormC/StormSYS/lib/stormgccsupport000.lib
  ___9exception = 54110 (0xd35e) unused, maybe local
    File Boot:StormC/StormSYS/lib/stormgccsupport000.lib
  ___tf9exception = 54142 (0xd37e) referenced 3 times
    File Boot:StormC/StormSYS/lib/stormgccsupport000.lib

  Hunk #1 ( Far Public ) 8916 Bytes (0x22d4)
  _exit = 0 (0x0) referenced 4 times
    File Boot:StormC/StormSYS/lib/stormgccsupport000.lib
  ___default_terminate = 28 (0x1c) unused, maybe local
    File Boot:StormC/StormSYS/lib/stormgccsupport000.lib
  ___terminate = 40 (0x28) referenced 41 times
    File Boot:StormC/StormSYS/lib/stormgccsupport000.lib
  ___throw_type_match = 56 (0x38) unused, maybe local
    File Boot:StormC/StormSYS/lib/stormgccsupport000.lib
  ___empty = 98 (0x62) unused, maybe local
    File Boot:StormC/StormSYS/lib/stormgccsupport000.lib
  ___get_eh_context = 170 (0xaa) referenced 25 times
    File Boot:StormC/StormSYS/lib/stormgccsupport000.lib
  ___get_eh_info = 186 (0xba) referenced 8 times
    File Boot:StormC/StormSYS/lib/stormgccsupport000.lib
  ___get_dynamic_handler_chain = 250 (0xfa) unused, maybe local
    File Boot:StormC/StormSYS/lib/stormgccsupport000.lib
  ___sjthrow = 268 (0x10c) referenced 44 times
    File Boot:StormC/StormSYS/lib/stormgccsupport000.lib
  ___sjpopnthrow = 478 (0x1de) unused, maybe local
    File Boot:StormC/StormSYS/lib/stormgccsupport000.lib
  ___negdi2 = 648 (0x288) unused, maybe local
    File Boot:StormC/StormSYS/lib/stormgccsupport000.lib
  ___lshrdi3 = 688 (0x2b0) unused, maybe local
    File Boot:StormC/StormSYS/lib/stormgccsupport000.lib
  ___ashldi3 = 766 (0x2fe) unused, maybe local
    File Boot:StormC/StormSYS/lib/stormgccsupport000.lib
  ___ashrdi3 = 842 (0x34a) unused, maybe local
    File Boot:StormC/StormSYS/lib/stormgccsupport000.lib
  ___ffsdi2 = 924 (0x39c) unused, maybe local
    File Boot:StormC/StormSYS/lib/stormgccsupport000.lib
  ___cmpdi2 = 984 (0x3d8) unused, maybe local
    File Boot:StormC/StormSYS/lib/stormgccsupport000.lib
  ___ucmpdi2 = 1038 (0x40e) unused, maybe local
    File Boot:StormC/StormSYS/lib/stormgccsupport000.lib
  ___udivmoddi4 = 1092 (0x444) unused, maybe local
    File Boot:StormC/StormSYS/lib/stormgccsupport000.lib
  ___muldi3 = 2670 (0xa6e) unused, maybe local
    File Boot:StormC/StormSYS/lib/stormgccsupport000.lib
  ___divdi3 = 2842 (0xb1a) referenced 1 times
    File Boot:StormC/StormSYS/lib/stormgccsupport000.lib
  ___moddi3 = 2948 (0xb84) referenced 1 times
    File Boot:StormC/StormSYS/lib/stormgccsupport000.lib
  ___umoddi3 = 3074 (0xc02) referenced 2 times
    File Boot:StormC/StormSYS/lib/stormgccsupport000.lib
  ___udivdi3 = 3114 (0xc2a) referenced 2 times
    File Boot:StormC/StormSYS/lib/stormgccsupport000.lib
  ___udiv_w_sdiv = 3144 (0xc48) unused, maybe local
    File Boot:StormC/StormSYS/lib/stormgccsupport000.lib
  _nothrow = 3422 (0xd5e) unused, maybe local
    File Boot:StormC/StormSYS/lib/stormgccsupport000.lib
  _set_new_handler__FPFv_v = 3424 (0xd60) unused, maybe local
    File Boot:StormC/StormSYS/lib/stormgccsupport000.lib
  ___vt_9bad_alloc = 3446 (0xd76) referenced 2 times
    File Boot:StormC/StormSYS/lib/stormgccsupport000.lib
  ___vn__FUlPv = 3462 (0xd86) unused, maybe local
    File Boot:StormC/StormSYS/lib/stormgccsupport000.lib
  ___nw__FUlPv = 3474 (0xd92) unused, maybe local
    File Boot:StormC/StormSYS/lib/stormgccsupport000.lib
  _what__C9bad_alloc = 3486 (0xd9e) unused, maybe local
    File Boot:StormC/StormSYS/lib/stormgccsupport000.lib
  ___tf9bad_alloc = 3512 (0xdb8) referenced 1 times
    File Boot:StormC/StormSYS/lib/stormgccsupport000.lib
  __$_9bad_alloc = 3564 (0xdec) referenced 2 times
    File Boot:StormC/StormSYS/lib/stormgccsupport000.lib
  ___nw__FUlRC9nothrow_t = 3610 (0xe1a) referenced 1 times
    File Boot:StormC/StormSYS/lib/stormgccsupport000.lib
  ___builtin_new = 3980 (0xf8c) referenced 1 times
    File Boot:StormC/StormSYS/lib/stormgccsupport000.lib
  ___builtin_vec_new = 4574 (0x11de) referenced 4 times
    File Boot:StormC/StormSYS/lib/stormgccsupport000.lib
  ___vn__FUlRC9nothrow_t = 4592 (0x11f0) unused, maybe local
    File Boot:StormC/StormSYS/lib/stormgccsupport000.lib
  __$_9type_info = 4626 (0x1212) referenced 7 times
    File Boot:StormC/StormSYS/lib/stormgccsupport000.lib
  ___eq__C9type_infoRC9type_info = 4662 (0x1236) referenced 1 times
    File Boot:StormC/StormSYS/lib/stormgccsupport000.lib
  ___rtti_class = 4708 (0x1264) referenced 10 times
    File Boot:StormC/StormSYS/lib/stormgccsupport000.lib
  ___rtti_si = 4752 (0x1290) referenced 13 times
    File Boot:StormC/StormSYS/lib/stormgccsupport000.lib
  ___rtti_user = 4790 (0x12b6) referenced 4 times
    File Boot:StormC/StormSYS/lib/stormgccsupport000.lib
  _dcast__C16__user_type_infoRC9type_infoiPvPC9type_infoT3 = 4822 (0x12d6) unused, maybe local
    File Boot:StormC/StormSYS/lib/stormgccsupport000.lib
  _dcast__C14__si_type_infoRC9type_infoiPvPC9type_infoT3 = 4864 (0x1300) unused, maybe local
    File Boot:StormC/StormSYS/lib/stormgccsupport000.lib
  _dcast__C17__class_type_infoRC9type_infoiPvPC9type_infoT3 = 4944 (0x1350) unused, maybe local
    File Boot:StormC/StormSYS/lib/stormgccsupport000.lib
  ___vt_17__class_type_info = 5204 (0x1454) unused, maybe local
    File Boot:StormC/StormSYS/lib/stormgccsupport000.lib
  ___vt_14__si_type_info = 5220 (0x1464) unused, maybe local
    File Boot:StormC/StormSYS/lib/stormgccsupport000.lib
  ___vt_16__user_type_info = 5236 (0x1474) unused, maybe local
    File Boot:StormC/StormSYS/lib/stormgccsupport000.lib
  ___vt_10bad_typeid = 5252 (0x1484) referenced 2 times
    File Boot:StormC/StormSYS/lib/stormgccsupport000.lib
  ___vt_8bad_cast = 5268 (0x1494) referenced 2 times
    File Boot:StormC/StormSYS/lib/stormgccsupport000.lib
  ___vt_9type_info = 5284 (0x14a4) referenced 23 times
    File Boot:StormC/StormSYS/lib/stormgccsupport000.lib
  ___17__class_type_infoPCcPCQ217__class_type_info9base_infoUl = 5296 (0x14b0) unused, maybe local
    File Boot:StormC/StormSYS/lib/stormgccsupport000.lib
  ___tf17__class_type_info = 5362 (0x14f2) unused, maybe local
    File Boot:StormC/StormSYS/lib/stormgccsupport000.lib
  __$_17__class_type_info = 5410 (0x1522) unused, maybe local
    File Boot:StormC/StormSYS/lib/stormgccsupport000.lib
  ___14__si_type_infoPCcRC16__user_type_info = 5430 (0x1536) unused, maybe local
    File Boot:StormC/StormSYS/lib/stormgccsupport000.lib
  ___tf14__si_type_info = 5488 (0x1570) unused, maybe local
    File Boot:StormC/StormSYS/lib/stormgccsupport000.lib
  __$_14__si_type_info = 5534 (0x159e) unused, maybe local
    File Boot:StormC/StormSYS/lib/stormgccsupport000.lib
  ___16__user_type_infoPCc = 5554 (0x15b2) unused, maybe local
    File Boot:StormC/StormSYS/lib/stormgccsupport000.lib
  ___tf16__user_type_info = 5608 (0x15e8) referenced 2 times
    File Boot:StormC/StormSYS/lib/stormgccsupport000.lib
  __$_16__user_type_info = 5656 (0x1618) unused, maybe local
    File Boot:StormC/StormSYS/lib/stormgccsupport000.lib
  __$_10bad_typeid = 5676 (0x162c) referenced 2 times
    File Boot:StormC/StormSYS/lib/stormgccsupport000.lib
  ___10bad_typeid = 5710 (0x164e) unused, maybe local
    File Boot:StormC/StormSYS/lib/stormgccsupport000.lib
  ___tf10bad_typeid = 5744 (0x1670) unused, maybe local
    File Boot:StormC/StormSYS/lib/stormgccsupport000.lib
  __$_8bad_cast = 5794 (0x16a2) referenced 2 times
    File Boot:StormC/StormSYS/lib/stormgccsupport000.lib
  ___8bad_cast = 5828 (0x16c4) unused, maybe local
    File Boot:StormC/StormSYS/lib/stormgccsupport000.lib
  ___tf8bad_cast = 5858 (0x16e2) unused, maybe local
    File Boot:StormC/StormSYS/lib/stormgccsupport000.lib
  ___ne__C9type_infoRC9type_info = 5908 (0x1714) unused, maybe local
    File Boot:StormC/StormSYS/lib/stormgccsupport000.lib
  _name__C9type_info = 5932 (0x172c) unused, maybe local
    File Boot:StormC/StormSYS/lib/stormgccsupport000.lib
  ___9type_infoPCc = 5946 (0x173a) unused, maybe local
    File Boot:StormC/StormSYS/lib/stormgccsupport000.lib
  ___tf9type_info = 5984 (0x1760) referenced 21 times
    File Boot:StormC/StormSYS/lib/stormgccsupport000.lib
  _before__C9type_infoRC9type_info = 6034 (0x1792) unused, maybe local
    File Boot:StormC/StormSYS/lib/stormgccsupport000.lib
  ___throw_type_match_rtti = 6066 (0x17b2) referenced 5 times
    File Boot:StormC/StormSYS/lib/stormgccsupport000.lib
  ___is_pointer__FPv = 7066 (0x1b9a) referenced 1 times
    File Boot:StormC/StormSYS/lib/stormgccsupport000.lib
  ___rtti_ptr = 7128 (0x1bd8) unused, maybe local
    File Boot:StormC/StormSYS/lib/stormgccsupport000.lib
  ___rtti_attr = 7166 (0x1bfe) unused, maybe local
    File Boot:StormC/StormSYS/lib/stormgccsupport000.lib
  ___rtti_func = 7210 (0x1c2a) unused, maybe local
    File Boot:StormC/StormSYS/lib/stormgccsupport000.lib
  ___rtti_ptmf = 7242 (0x1c4a) unused, maybe local
    File Boot:StormC/StormSYS/lib/stormgccsupport000.lib
  ___rtti_ptmd = 7274 (0x1c6a) unused, maybe local
    File Boot:StormC/StormSYS/lib/stormgccsupport000.lib
  ___rtti_array = 7306 (0x1c8a) unused, maybe local
    File Boot:StormC/StormSYS/lib/stormgccsupport000.lib
  ___dynamic_cast = 7338 (0x1caa) unused, maybe local
    File Boot:StormC/StormSYS/lib/stormgccsupport000.lib
  ___tfv = 7412 (0x1cf4) unused, maybe local
    File Boot:StormC/StormSYS/lib/stormgccsupport000.lib
  ___tfx = 7456 (0x1d20) unused, maybe local
    File Boot:StormC/StormSYS/lib/stormgccsupport000.lib
  ___tfl = 7500 (0x1d4c) unused, maybe local
    File Boot:StormC/StormSYS/lib/stormgccsupport000.lib
  ___tfi = 7544 (0x1d78) unused, maybe local
    File Boot:StormC/StormSYS/lib/stormgccsupport000.lib
  ___tfs = 7588 (0x1da4) unused, maybe local
    File Boot:StormC/StormSYS/lib/stormgccsupport000.lib
  ___tfb = 7632 (0x1dd0) unused, maybe local
    File Boot:StormC/StormSYS/lib/stormgccsupport000.lib
  ___tfc = 7676 (0x1dfc) unused, maybe local
    File Boot:StormC/StormSYS/lib/stormgccsupport000.lib
  ___tfw = 7720 (0x1e28) unused, maybe local
    File Boot:StormC/StormSYS/lib/stormgccsupport000.lib
  ___tfr = 7764 (0x1e54) unused, maybe local
    File Boot:StormC/StormSYS/lib/stormgccsupport000.lib
  ___tfd = 7808 (0x1e80) unused, maybe local
    File Boot:StormC/StormSYS/lib/stormgccsupport000.lib
  ___tff = 7852 (0x1eac) unused, maybe local
    File Boot:StormC/StormSYS/lib/stormgccsupport000.lib
  ___tfUi = 7898 (0x1eda) unused, maybe local
    File Boot:StormC/StormSYS/lib/stormgccsupport000.lib
  ___tfUl = 7944 (0x1f08) unused, maybe local
    File Boot:StormC/StormSYS/lib/stormgccsupport000.lib
  ___tfUx = 7990 (0x1f36) unused, maybe local
    File Boot:StormC/StormSYS/lib/stormgccsupport000.lib
  ___tfUs = 8036 (0x1f64) unused, maybe local
    File Boot:StormC/StormSYS/lib/stormgccsupport000.lib
  ___tfUc = 8082 (0x1f92) unused, maybe local
    File Boot:StormC/StormSYS/lib/stormgccsupport000.lib
  ___tfSc = 8128 (0x1fc0) unused, maybe local
    File Boot:StormC/StormSYS/lib/stormgccsupport000.lib

PowerPC Code


Data


  Hunk #2 ( Far Public ) 1548 Bytes (0x60c)
  ___ctypetable = 0 (0x0) unused, maybe local
    File Boot:StormC/Lib/stormgcc020.lib
  __3ios$aNextBit = 888 (0x378) unused, maybe local
    File Boot:StormC/Lib/stormgcc020.lib
  __3ios$aNextWord = 892 (0x37c) unused, maybe local
    File Boot:StormC/Lib/stormgcc020.lib
  ___sF = 932 (0x3a4) referenced 1 times
    File Boot:StormC/Lib/stormgcc020.lib
  _std__out = 936 (0x3a8) unused, maybe local
    File Boot:StormC/Lib/stormgcc020.lib
  _std__in = 1024 (0x400) unused, maybe local
    File Boot:StormC/Lib/stormgcc020.lib
  _std__err = 1112 (0x458) unused, maybe local
    File Boot:StormC/Lib/stormgcc020.lib
  _cin = 1200 (0x4b0) referenced 19 times
    File Boot:StormC/Lib/stormgcc020.lib
  _cout = 1204 (0x4b4) referenced 114 times
    File Boot:StormC/Lib/stormgcc020.lib
  _cerr = 1208 (0x4b8) unused, maybe local
    File Boot:StormC/Lib/stormgcc020.lib
  _clog = 1212 (0x4bc) unused, maybe local
    File Boot:StormC/Lib/stormgcc020.lib
  __8LibBaseC$not_open = 1416 (0x588) unused, maybe local
    File Boot:StormC/StormSYS/lib/stormgccstartup020.lib
  ___stacksize = 1420 (0x58c) referenced 2 times
    File Boot:StormC/StormSYS/lib/stormgccstartup020.lib
  ___terminate_func = 1428 (0x594) referenced 3 times
    File Boot:StormC/StormSYS/lib/stormgccsupport000.lib
  ___init_table68k = 1440 (0x5a0) referenced 1 times
    File <Internal Assembled>
  ___exit_table68k = 1496 (0x5d8) referenced 1 times
    File <Internal Assembled>

BSS


  Hunk #3 ( Far Public ) 3196 Bytes (0xc7c)
  _SysBase = 164 (0xa4) referenced 32 times
    File Boot:StormC/StormSYS/startups/gccstartup.o
  _str_adjust = 168 (0xa8) unused, maybe local
    File Work:q2/bop/objects_debug/bopconfig.o
  _rst_adjust = 176 (0xb0) unused, maybe local
    File Work:q2/bop/objects_debug/bopconfig.o
  _ping = 184 (0xb8) unused, maybe local
    File Work:q2/bop/objects_debug/bopconfig.o
  _f = 192 (0xc0) unused, maybe local
    File Work:q2/bop/objects_debug/bopconfig.o
  _result = 200 (0xc8) unused, maybe local
    File Work:q2/bop/objects_debug/bopconfig.o
  _final = 208 (0xd0) unused, maybe local
    File Work:q2/bop/objects_debug/bopconfig.o
  _maxping = 216 (0xd8) unused, maybe local
    File Work:q2/bop/objects_debug/bopconfig.o
  _F = 220 (0xdc) unused, maybe local
    File Work:q2/bop/objects_debug/bopconfig.o
  _s = 224 (0xe0) unused, maybe local
    File Work:q2/bop/objects_debug/bopconfig.o
  _bsr = 306 (0x132) unused, maybe local
    File Work:q2/bop/objects_debug/bopconfig.o
  _satisfied = 310 (0x136) unused, maybe local
    File Work:q2/bop/objects_debug/bopconfig.o
  _errno = 316 (0x13c) referenced 10 times
    File Boot:StormC/Lib/stormgcc020.lib
  ___ti3ios = 1344 (0x540) referenced 17 times
    File Boot:StormC/Lib/stormgcc020.lib
  ___ti7istream = 1352 (0x548) referenced 10 times
    File Boot:StormC/Lib/stormgcc020.lib
  ___ti7ostream = 1368 (0x558) referenced 10 times
    File Boot:StormC/Lib/stormgcc020.lib
  ___ti8iostream = 1384 (0x568) referenced 6 times
    File Boot:StormC/Lib/stormgcc020.lib
  ___ti18istream_withassign = 1400 (0x578) referenced 1 times
    File Boot:StormC/Lib/stormgcc020.lib
  ___ti18ostream_withassign = 1416 (0x588) referenced 1 times
    File Boot:StormC/Lib/stormgcc020.lib
  ___ti7filebuf = 1432 (0x598) referenced 3 times
    File Boot:StormC/Lib/stormgcc020.lib
  ___ti7fstream = 1448 (0x5a8) referenced 1 times
    File Boot:StormC/Lib/stormgcc020.lib
  ___ti8ifstream = 1464 (0x5b8) referenced 1 times
    File Boot:StormC/Lib/stormgcc020.lib
  ___ti8ofstream = 1480 (0x5c8) referenced 1 times
    File Boot:StormC/Lib/stormgcc020.lib
  ___fileList = 1496 (0x5d8) referenced 6 times
    File Boot:StormC/Lib/stormgcc020.lib
  ___tmpnamList = 1512 (0x5e8) referenced 4 times
    File Boot:StormC/Lib/stormgcc020.lib
  ___tmpnamNext = 1524 (0x5f4) referenced 1 times
    File Boot:StormC/Lib/stormgcc020.lib
  ___protectFileList = 1528 (0x5f8) referenced 8 times
    File Boot:StormC/Lib/stormgcc020.lib
  ___protectTmpnamList = 1576 (0x628) referenced 2 times
    File Boot:StormC/Lib/stormgcc020.lib
  ___DHBase = 1624 (0x658) referenced 5 times
    File Boot:StormC/Lib/stormgcc020.lib
  ___protectDHBase = 1632 (0x660) referenced 4 times
    File Boot:StormC/Lib/stormgcc020.lib
  ___numHandles = 1680 (0x690) referenced 9 times
    File Boot:StormC/Lib/stormgcc020.lib
  ___handles = 1684 (0x694) referenced 9 times
    File Boot:StormC/Lib/stormgcc020.lib
  ___protectHandles = 1688 (0x698) referenced 8 times
    File Boot:StormC/Lib/stormgcc020.lib
  ___ti9streambuf = 1880 (0x758) referenced 2 times
    File Boot:StormC/Lib/stormgcc020.lib
  ___mempool = 1888 (0x760) referenced 33 times
    File Boot:StormC/Lib/stormgcc020.lib
  ___stream_cin = 2064 (0x810) unused, maybe local
    File Boot:StormC/Lib/stormgcc020.lib
  ___stream_cout = 2106 (0x83a) unused, maybe local
    File Boot:StormC/Lib/stormgcc020.lib
  ___cinbuf = 2144 (0x860) unused, maybe local
    File Boot:StormC/Lib/stormgcc020.lib
  ___coutbuf = 2188 (0x88c) unused, maybe local
    File Boot:StormC/Lib/stormgcc020.lib
  ___ti10cinfilebuf = 2232 (0x8b8) referenced 1 times
    File Boot:StormC/Lib/stormgcc020.lib
  ___ti11coutfilebuf = 2248 (0x8c8) referenced 1 times
    File Boot:StormC/Lib/stormgcc020.lib
  _DOSBase = 2784 (0xae0) referenced 50 times
    File Boot:StormC/StormSYS/lib/stormgccstartup020.lib
  _IntuitionBase = 2788 (0xae4) referenced 2 times
    File Boot:StormC/StormSYS/lib/stormgccstartup020.lib
  _MathIeeeDoubBasBase = 2792 (0xae8) referenced 8 times
    File Boot:StormC/StormSYS/lib/stormgccstartup020.lib
  _MathIeeeDoubTransBase = 2796 (0xaec) referenced 5 times
    File Boot:StormC/StormSYS/lib/stormgccstartup020.lib
  ___ti9Exception = 2800 (0xaf0) referenced 1 times
    File Boot:StormC/StormSYS/lib/stormgccsupport000.lib
  ___ti9exception = 2816 (0xb00) referenced 6 times
    File Boot:StormC/StormSYS/lib/stormgccsupport000.lib
  ___ti13bad_exception = 2824 (0xb08) referenced 1 times
    File Boot:StormC/StormSYS/lib/stormgccsupport000.lib
  ___new_handler = 2840 (0xb18) referenced 2 times
    File Boot:StormC/StormSYS/lib/stormgccsupport000.lib
  ___ti9bad_alloc = 2848 (0xb20) referenced 1 times
    File Boot:StormC/StormSYS/lib/stormgccsupport000.lib
  ___ti17__class_type_info = 2864 (0xb30) referenced 1 times
    File Boot:StormC/StormSYS/lib/stormgccsupport000.lib
  ___ti16__user_type_info = 2880 (0xb40) referenced 3 times
    File Boot:StormC/StormSYS/lib/stormgccsupport000.lib
  ___ti14__si_type_info = 2896 (0xb50) referenced 1 times
    File Boot:StormC/StormSYS/lib/stormgccsupport000.lib
  ___ti9type_info = 2912 (0xb60) referenced 9 times
    File Boot:StormC/StormSYS/lib/stormgccsupport000.lib
  ___ti10bad_typeid = 2920 (0xb68) referenced 1 times
    File Boot:StormC/StormSYS/lib/stormgccsupport000.lib
  ___ti8bad_cast = 2936 (0xb78) referenced 1 times
    File Boot:StormC/StormSYS/lib/stormgccsupport000.lib
  ___tiv = 2952 (0xb88) unused, maybe local
    File Boot:StormC/StormSYS/lib/stormgccsupport000.lib
  ___tix = 2960 (0xb90) unused, maybe local
    File Boot:StormC/StormSYS/lib/stormgccsupport000.lib
  ___til = 2968 (0xb98) unused, maybe local
    File Boot:StormC/StormSYS/lib/stormgccsupport000.lib
  ___tii = 2976 (0xba0) unused, maybe local
    File Boot:StormC/StormSYS/lib/stormgccsupport000.lib
  ___tis = 2984 (0xba8) unused, maybe local
    File Boot:StormC/StormSYS/lib/stormgccsupport000.lib
  ___tib = 2992 (0xbb0) unused, maybe local
    File Boot:StormC/StormSYS/lib/stormgccsupport000.lib
  ___tic = 3000 (0xbb8) unused, maybe local
    File Boot:StormC/StormSYS/lib/stormgccsupport000.lib
  ___tiw = 3008 (0xbc0) unused, maybe local
    File Boot:StormC/StormSYS/lib/stormgccsupport000.lib
  ___tir = 3016 (0xbc8) unused, maybe local
    File Boot:StormC/StormSYS/lib/stormgccsupport000.lib
  ___tid = 3024 (0xbd0) unused, maybe local
    File Boot:StormC/StormSYS/lib/stormgccsupport000.lib
  ___tif = 3032 (0xbd8) unused, maybe local
    File Boot:StormC/StormSYS/lib/stormgccsupport000.lib
  ___tiUi = 3040 (0xbe0) unused, maybe local
    File Boot:StormC/StormSYS/lib/stormgccsupport000.lib
  ___tiUl = 3048 (0xbe8) unused, maybe local
    File Boot:StormC/StormSYS/lib/stormgccsupport000.lib
  ___tiUx = 3056 (0xbf0) unused, maybe local
    File Boot:StormC/StormSYS/lib/stormgccsupport000.lib
  ___tiUs = 3064 (0xbf8) unused, maybe local
    File Boot:StormC/StormSYS/lib/stormgccsupport000.lib
  ___tiUc = 3072 (0xc00) unused, maybe local
    File Boot:StormC/StormSYS/lib/stormgccsupport000.lib
  ___tiSc = 3080 (0xc08) unused, maybe local
    File Boot:StormC/StormSYS/lib/stormgccsupport000.lib
  ___ti17__array_type_info = 3088 (0xc10) referenced 1 times
    File Boot:StormC/StormSYS/lib/stormgccsupport000.lib
  ___ti16__ptmd_type_info = 3104 (0xc20) referenced 1 times
    File Boot:StormC/StormSYS/lib/stormgccsupport000.lib
  ___ti16__ptmf_type_info = 3120 (0xc30) referenced 1 times
    File Boot:StormC/StormSYS/lib/stormgccsupport000.lib
  ___ti16__func_type_info = 3136 (0xc40) referenced 1 times
    File Boot:StormC/StormSYS/lib/stormgccsupport000.lib
  ___ti19__builtin_type_info = 3152 (0xc50) referenced 1 times
    File Boot:StormC/StormSYS/lib/stormgccsupport000.lib
  ___ti16__attr_type_info = 3168 (0xc60) referenced 1 times
    File Boot:StormC/StormSYS/lib/stormgccsupport000.lib
  ___ti19__pointer_type_info = 3184 (0xc70) referenced 1 times
    File Boot:StormC/StormSYS/lib/stormgccsupport000.lib

END
